.....                                                                    [100%]
5 passed in 29.90s
